// Jest Snapshot v1, https://goo.gl/fbAQLP

exports[`Footer renders correctly 1`] = `
<footer
  dangerouslySetInnerHTML={
    Object {
      "__html": "Test footer data",
    }
  }
  id="footer"
/>
`;
