// Jest Snapshot v1, https://goo.gl/fbAQLP

exports[`Footer renders correctly 1`] = `
<footer
  id="footer"
>
  <div
    className="home-footer"
    id="home-footer"
  >
    <div
      className="my-5 by-3"
    >
      <div
        className="row"
      >
        <div
          className="col col-12 col-md-5"
        >
          <div
            className="text-center text-md-left"
            id="footer-logo"
          >
            <a
              href="/"
            >
              <img
                alt="BC Parks logo"
                src="test-file-stub"
              />
            </a>
          </div>
        <div
          className="col col-12 col-md-6"
        >
          <div
            className="row"
          >
            <div
              className="col col-6 col-sm-4"
            >
              <div>
                <ul
                  className="footer-menu-list list-unstyled pt-3 pl-1 ml-3 ml-md-0 text-white"
                >
                  <li>
                    <div
                      className="font-weight-bold"
                    >
                      Get a permit
                    </div>
                    <div
                      className="footer-menu-divider"
                    >
                       
                    </div>
                  </li>
                  <li>
                    <div
                      className="mt-2"
                    >
                      <a
                        href="/commercial-use"
                      >
                        Commercial services
                      </a>
                    </div>
                  </li>
                </ul>
              </div>
            </div>
            <div
              className="col col-6 col-sm-4 order-sm-3"
            >
              <div>
                <ul
                  className="footer-menu-list list-unstyled pt-3 pl-1 ml-3 ml-md-0 text-white"
                >
                  <li>
                    <div
                      className="font-weight-bold"
                    >
                      Stay connected
                    </div>
                    <div
                      className="footer-menu-divider"
                    >
                       
                    </div>
                  </li>
                  <li>
                    <div
                      className="mt-2"
                    >
                      <a
                        href="/contact"
                      >
                        Contact us
                      </a>
                    </div>
                  </li>
                  <li>
                    <div
                      className="mt-2"
                    >
                      <a
                        href="https://engage.gov.bc.ca/bcparksblog/"
                      >
                        Blog
                      </a>
                    </div>
                  </li>
                </ul>
              </div>
            </div>
            <div
              className="col col-6 col-sm-4 order-sm-2"
            >
              <div>
                <ul
                  className="footer-menu-list list-unstyled pt-3 pl-1 ml-3 ml-md-0 text-white"
                >
                  <li>
                    <div
                      className="font-weight-bold"
                    >
                      Get involved
                    </div>
                    <div
                      className="footer-menu-divider"
                    >
                       
                    </div>
                  </li>
                  <li>
                    <div
                      className="mt-2"
                    >
                      <a
                        href="/volunteers"
                      >
                        Volunteer
                      </a>
                    </div>
                  </li>
                  <li>
                    <div
                      className="mt-2"
                    >
                      <a
                        href="/donate"
                      >
                        Support BC Parks
                      </a>
                    </div>
                  </li>
                </ul>
              </div>
            </div>
            <div
              className="col col-8 d-none d-sm-block order-5"
            >
               
            </div>
            <div
              className="col col-6 col-sm-4 order-last"
            >
              <div
                className="text-left"
              >
                <div
                  className="d-inline-block mt-3 ml-4 ml-md-1"
                >
                  <a
                    href="https://www.facebook.com/YourBCParks/"
                  >
                    <img
                      alt="Facebook"
                      src="test-file-stub"
                    />
                  </a>
                </div>
                <div
                  className="d-inline-block mt-3 ml-4"
                >
                  <a
                    href="https://www.instagram.com/yourbcparks"
                  >
                    <img
                      alt="Instagram"
                      src="test-file-stub"
                    />
                  </a>
                </div>
              </div>
            </div>
          </div>
        </div>
      </div>
      <div
        className="text-center py-3 mt-5 border-top border-white"
      >
        <div
          className="footer-utility-link mx-1 mx-sm-2 mx-md-3 d-inline-block"
        >
          <a
            href="/sitemap"
          >
            Sitemap
          </a>
        </div>
        <div
          className="footer-utility-link mx-1 mx-sm-2 mx-md-3 d-inline-block"
        >
          <a
            href="/accessibility"
          >
            Accessibility
          </a>
        </div>
        <div
          className="footer-utility-link mx-1 mx-sm-2 mx-md-3 d-inline-block"
        >
          <a
            href="/careers"
          >
            Careers
          </a>
        </div>
        <div
          className="footer-utility-link mx-1 mx-sm-2 mx-md-3 d-inline-block"
        >
          <a
            href="/disclaimer"
          >
            Disclaimer
          </a>
        </div>
        <div
          className="footer-utility-link mx-1 mx-sm-2 mx-md-3 d-inline-block"
        >
          <a
            href="/privacy"
          >
            Privacy
          </a>
        </div>
        <div
          className="footer-utility-link mx-1 mx-sm-2 mx-md-3 d-inline-block"
        >
          <a
            href="/copyright"
          >
            Copyright
          </a>
        </div>
      </div>
    </div>
  </div>
</footer>
`;
