// Jest Snapshot v1, https://goo.gl/fbAQLP

exports[`CampfireBan renders correctly 1`] = `
Array [
  <img
    alt="Campfire ban in effect"
    src="test-file-stub"
  />,
  <p>
    Campfire ban in effect.
  </p>,
]
`;
